// Jest Snapshot v1, https://goo.gl/fbAQLP

exports[`<LoadingIndicator /> should match the snapshot 1`] = `
.c0 {
  position: fixed;
  top: 30vh;
  left: calc(50vw - 30px);
  z-index: 99;
}

.c0.contained {
  position: absolute;
  top: 80px;
  left: calc(50% - 30px);
}

.c0 .lds-ellipsis {
  display: inline-block;
  position: relative;
  width: 80px;
  height: 80px;
}

.c0 .lds-ellipsis div {
  position: absolute;
  top: 33px;
  width: 13px;
  height: 13px;
  border-radius: 50%;
  background: #396de0;
  -webkit-animation-timing-function: cubic-bezier(0,1,1,0);
  animation-timing-function: cubic-bezier(0,1,1,0);
}

.c0 .lds-ellipsis div:nth-child(1) {
  left: 8px;
  -webkit-animation: lds-ellipsis1 0.6s infinite;
  animation: lds-ellipsis1 0.6s infinite;
}

.c0 .lds-ellipsis div:nth-child(2) {
  left: 8px;
  -webkit-animation: lds-ellipsis2 0.6s infinite;
  animation: lds-ellipsis2 0.6s infinite;
}

.c0 .lds-ellipsis div:nth-child(3) {
  left: 32px;
  -webkit-animation: lds-ellipsis2 0.6s infinite;
  animation: lds-ellipsis2 0.6s infinite;
}

.c0 .lds-ellipsis div:nth-child(4) {
  left: 56px;
  -webkit-animation: lds-ellipsis3 0.6s infinite;
  animation: lds-ellipsis3 0.6s infinite;
}

<div
  class="c0"
>
  <div
    class="lds-ellipsis"
  >
    <div />
    <div />
    <div />
    <div />
  </div>
</div>
`;
